// Jest Snapshot v1, https://goo.gl/fbAQLP

exports[`HomeScreen renders the HomeScreen screen 1`] = `
<View
  style={
    Object {
      "backgroundColor": "#FFF",
      "flex": 1,
      "paddingVertical": 12,
    }
  }
>
  <Text
    style={
      Array [
        Object {
          "fontSize": 16,
          "textAlign": "center",
        },
      ]
    }
  >
    No data available
  </Text>
</View>
`;
