// Jest Snapshot v1, https://goo.gl/fbAQLP

exports[`renders correctly 1`] = `
<View
  accessible={true}
  focusable={true}
  onClick={[Function]}
  onResponderGrant={[Function]}
  onResponderMove={[Function]}
  onResponderRelease={[Function]}
  onResponderTerminate={[Function]}
  onResponderTerminationRequest={[Function]}
  onStartShouldSetResponder={[Function]}
  style={
    Object {
      "opacity": 1,
    }
  }
>
  <View
    style={
      Object {
        "alignItems": "flex-start",
        "borderColor": "#BABABA",
        "borderRadius": 6,
        "borderWidth": 1,
        "display": "flex",
        "flexDirection": "row",
        "justifyContent": "space-between",
        "marginBottom": 12,
        "padding": 12,
        "width": "100%",
      }
    }
  >
    <View
      style={
        Object {
          "width": "60%",
        }
      }
    >
      <Text
        style={
          Array [
            Object {
              "color": "#000",
              "fontWeight": "bold",
              "marginTop": 12,
              "overflow": "hidden",
            },
          ]
        }
      >
        Google.com
      </Text>
      <Text
        style={
          Array [
            Object {
              "color": "#000",
              "overflow": "hidden",
              "paddingTop": 12,
            },
          ]
        }
      >
        , , 
      </Text>
    </View>
    <View
      style={
        Object {
          "alignItems": "flex-end",
          "width": "40%",
        }
      }
    >
      <View
        style={
          Object {
            "alignItems": "center",
            "backgroundColor": "#f7f7f7",
            "flex": 1,
            "height": 100,
            "justifyContent": "center",
            "width": 100,
          }
        }
      >
        <Text
          allowFontScaling={false}
          style={
            Array [
              Object {
                "color": undefined,
                "fontSize": 35,
              },
              Object {
                "alignSelf": "center",
                "color": "#BABABA",
                "margin": 0,
                "padding": 0,
              },
              Object {
                "fontFamily": "Ionicons",
                "fontStyle": "normal",
                "fontWeight": "normal",
              },
              Object {},
            ]
          }
        >
          
        </Text>
      </View>
    </View>
  </View>
</View>
`;
